\BOOKMARK [0][-]{chapter.4}{\376\377\000I\000M\000P\000L\000E\000M\000E\000N\000T\000A\000T\000I\000O\000N\000\040\000A\000N\000D\000\040\000E\000V\000A\000L\000U\000A\000T\000I\000O\000N}{}% 1
\BOOKMARK [1][-]{section.4.1}{\376\377\000I\000n\000t\000r\000o\000d\000u\000c\000t\000i\000o\000n}{chapter.4}% 2
\BOOKMARK [1][-]{section.4.2}{\376\377\000S\000y\000s\000t\000e\000m\000\040\000I\000m\000p\000l\000e\000m\000e\000n\000t\000a\000t\000i\000o\000n}{chapter.4}% 3
\BOOKMARK [2][-]{subsection.4.2.1}{\376\377\000B\000a\000c\000k\000e\000n\000d\000\040\000I\000m\000p\000l\000e\000m\000e\000n\000t\000a\000t\000i\000o\000n}{section.4.2}% 4
\BOOKMARK [2][-]{subsection.4.2.2}{\376\377\000F\000r\000o\000n\000t\000e\000n\000d\000\040\000I\000m\000p\000l\000e\000m\000e\000n\000t\000a\000t\000i\000o\000n}{section.4.2}% 5
\BOOKMARK [2][-]{subsection.4.2.3}{\376\377\000B\000l\000o\000c\000k\000c\000h\000a\000i\000n\000\040\000M\000o\000d\000u\000l\000e}{section.4.2}% 6
\BOOKMARK [2][-]{subsection.4.2.4}{\376\377\000A\000n\000a\000l\000y\000t\000i\000c\000s\000\040\000E\000n\000g\000i\000n\000e\000\040\000I\000m\000p\000l\000e\000m\000e\000n\000t\000a\000t\000i\000o\000n}{section.4.2}% 7
\BOOKMARK [1][-]{section.4.3}{\376\377\000U\000s\000e\000r\000\040\000I\000n\000t\000e\000r\000f\000a\000c\000e\000\040\000P\000r\000e\000s\000e\000n\000t\000a\000t\000i\000o\000n}{chapter.4}% 8
\BOOKMARK [2][-]{subsection.4.3.1}{\376\377\000L\000a\000n\000d\000i\000n\000g\000\040\000P\000a\000g\000e}{section.4.3}% 9
\BOOKMARK [2][-]{subsection.4.3.2}{\376\377\000R\000e\000g\000i\000s\000t\000r\000a\000t\000i\000o\000n\000\040\000P\000a\000g\000e}{section.4.3}% 10
\BOOKMARK [2][-]{subsection.4.3.3}{\376\377\000L\000o\000g\000i\000n\000\040\000P\000a\000g\000e}{section.4.3}% 11
\BOOKMARK [2][-]{subsection.4.3.4}{\376\377\000F\000a\000r\000m\000e\000r\000\040\000D\000a\000s\000h\000b\000o\000a\000r\000d}{section.4.3}% 12
\BOOKMARK [2][-]{subsection.4.3.5}{\376\377\000T\000e\000l\000e\000m\000e\000t\000r\000y\000\040\000S\000u\000b\000m\000i\000s\000s\000i\000o\000n\000\040\000P\000a\000g\000e}{section.4.3}% 13
\BOOKMARK [2][-]{subsection.4.3.6}{\376\377\000B\000a\000t\000c\000h\000\040\000M\000i\000n\000t\000i\000n\000g\000\040\000I\000n\000t\000e\000r\000f\000a\000c\000e}{section.4.3}% 14
\BOOKMARK [2][-]{subsection.4.3.7}{\376\377\000Y\000i\000e\000l\000d\000\040\000P\000r\000e\000d\000i\000c\000t\000i\000o\000n\000\040\000V\000i\000e\000w}{section.4.3}% 15
\BOOKMARK [2][-]{subsection.4.3.8}{\376\377\000L\000o\000g\000i\000s\000t\000i\000c\000s\000\040\000D\000a\000s\000h\000b\000o\000a\000r\000d}{section.4.3}% 16
\BOOKMARK [2][-]{subsection.4.3.9}{\376\377\000C\000u\000s\000t\000o\000d\000y\000\040\000T\000r\000a\000n\000s\000f\000e\000r\000\040\000P\000a\000g\000e}{section.4.3}% 17
\BOOKMARK [2][-]{subsection.4.3.10}{\376\377\000A\000d\000m\000i\000n\000i\000s\000t\000r\000a\000t\000o\000r\000\040\000D\000a\000s\000h\000b\000o\000a\000r\000d}{section.4.3}% 18
\BOOKMARK [2][-]{subsection.4.3.11}{\376\377\000A\000u\000d\000i\000t\000\040\000L\000o\000g\000s\000\040\000P\000a\000g\000e}{section.4.3}% 19
\BOOKMARK [1][-]{section.4.4}{\376\377\000K\000e\000y\000\040\000A\000l\000g\000o\000r\000i\000t\000h\000m\000\040\000I\000m\000p\000l\000e\000m\000e\000n\000t\000a\000t\000i\000o\000n\000s}{chapter.4}% 20
\BOOKMARK [2][-]{subsection.4.4.1}{\376\377\000S\000H\000A\000-\0002\0005\0006\000\040\000D\000a\000t\000a\000\040\000I\000n\000t\000e\000g\000r\000i\000t\000y\000\040\000H\000a\000s\000h\000i\000n\000g}{section.4.4}% 21
\BOOKMARK [2][-]{subsection.4.4.2}{\376\377\000S\000u\000i\000\040\000E\000d\0002\0005\0005\0001\0009\000\040\000S\000i\000g\000n\000a\000t\000u\000r\000e\000\040\000V\000e\000r\000i\000f\000i\000c\000a\000t\000i\000o\000n}{section.4.4}% 22
\BOOKMARK [2][-]{subsection.4.4.3}{\376\377\000Y\000i\000e\000l\000d\000\040\000P\000r\000e\000d\000i\000c\000t\000i\000o\000n\000\040\000A\000l\000g\000o\000r\000i\000t\000h\000m}{section.4.4}% 23
\BOOKMARK [1][-]{section.4.5}{\376\377\000S\000y\000s\000t\000e\000m\000\040\000E\000v\000a\000l\000u\000a\000t\000i\000o\000n}{chapter.4}% 24
\BOOKMARK [2][-]{subsection.4.5.1}{\376\377\000F\000u\000n\000c\000t\000i\000o\000n\000a\000l\000\040\000T\000e\000s\000t\000i\000n\000g\000\040\000R\000e\000s\000u\000l\000t\000s}{section.4.5}% 25
\BOOKMARK [2][-]{subsection.4.5.2}{\376\377\000S\000e\000c\000u\000r\000i\000t\000y\000\040\000E\000v\000a\000l\000u\000a\000t\000i\000o\000n}{section.4.5}% 26
\BOOKMARK [2][-]{subsection.4.5.3}{\376\377\000B\000l\000o\000c\000k\000c\000h\000a\000i\000n\000\040\000P\000e\000r\000f\000o\000r\000m\000a\000n\000c\000e\000\040\000M\000e\000t\000r\000i\000c\000s}{section.4.5}% 27
\BOOKMARK [2][-]{subsection.4.5.4}{\376\377\000P\000r\000e\000d\000i\000c\000t\000i\000o\000n\000\040\000A\000c\000c\000u\000r\000a\000c\000y\000\040\000A\000s\000s\000e\000s\000s\000m\000e\000n\000t}{section.4.5}% 28
\BOOKMARK [2][-]{subsection.4.5.5}{\376\377\000A\000P\000I\000\040\000R\000e\000s\000p\000o\000n\000s\000e\000\040\000T\000i\000m\000e\000\040\000B\000e\000n\000c\000h\000m\000a\000r\000k\000s}{section.4.5}% 29
\BOOKMARK [1][-]{section.4.6}{\376\377\000C\000h\000a\000p\000t\000e\000r\000\040\000S\000u\000m\000m\000a\000r\000y}{chapter.4}% 30
\BOOKMARK [0][-]{chapter.5}{\376\377\000S\000U\000M\000M\000A\000R\000Y\000,\000\040\000C\000O\000N\000C\000L\000U\000S\000I\000O\000N\000,\000\040\000A\000N\000D\000\040\000R\000E\000C\000O\000M\000M\000E\000N\000D\000A\000T\000I\000O\000N\000S}{}% 31
\BOOKMARK [1][-]{section.5.1}{\376\377\000S\000u\000m\000m\000a\000r\000y\000\040\000o\000f\000\040\000F\000i\000n\000d\000i\000n\000g\000s}{chapter.5}% 32
\BOOKMARK [1][-]{section.5.2}{\376\377\000C\000o\000n\000c\000l\000u\000s\000i\000o\000n}{chapter.5}% 33
\BOOKMARK [1][-]{section.5.3}{\376\377\000R\000e\000c\000o\000m\000m\000e\000n\000d\000a\000t\000i\000o\000n\000s\000\040\000f\000o\000r\000\040\000F\000u\000t\000u\000r\000e\000\040\000W\000o\000r\000k}{chapter.5}% 34
\BOOKMARK [1][-]{section.5.4}{\376\377\000C\000h\000a\000p\000t\000e\000r\000\040\000S\000u\000m\000m\000a\000r\000y}{chapter.5}% 35
