This is pdfTeX, Version 3.141592653-2.6-1.40.29 (MiKTeX 26.5) (preloaded format=pdflatex 2026.8.25)  3 SEP 2026 11:19
entering extended mode
 restricted \write18 enabled.
 %&-line parsing enabled.
**./main_final.tex
(main_final.tex
LaTeX2e <2026-06-01>
L3 programming layer <2026-07-20>
(C:\Users\Iskanda\AppData\Local\Programs\MiKTeX\tex/latex/base\report.cls
Document Class: report 2025/01/22 v1.4n Standard LaTeX document class
(C:\Users\Iskanda\AppData\Local\Programs\MiKTeX\tex/latex/base\size12.clo
File: size12.clo 2025/01/22 v1.4n Standard LaTeX file (size option)
)
\c@part=\count276
\c@chapter=\count277
\c@section=\count278
\c@subsection=\count279
\c@subsubsection=\count280
\c@paragraph=\count281
\c@subparagraph=\count282
\c@figure=\count283
\c@table=\count284
\abovecaptionskip=\skip49
\belowcaptionskip=\skip50
\bibindent=\dimen150
)
(C:\Users\Iskanda\AppData\Local\Programs\MiKTeX\tex/latex/psnfss\mathptmx.sty
Package: mathptmx 2020/03/25 PSNFSS-v9.3 Times w/ Math, improved (SPQR, WaS) 
LaTeX Font Info:    Redeclaring symbol font `operators' on input line 28.
LaTeX Font Info:    Overwriting symbol font `operators' in version `normal'
(Font)                  OT1/cmr/m/n --> OT1/ztmcm/m/n on input line 28.
LaTeX Font Info:    Overwriting symbol font `operators' in version `bold'
(Font)                  OT1/cmr/bx/n --> OT1/ztmcm/m/n on input line 28.
LaTeX Font Info:    Redeclaring symbol font `letters' on input line 29.
LaTeX Font Info:    Overwriting symbol font `letters' in version `normal'
(Font)                  OML/cmm/m/it --> OML/ztmcm/m/it on input line 29.
LaTeX Font Info:    Overwriting symbol font `letters' in version `bold'
(Font)                  OML/cmm/b/it --> OML/ztmcm/m/it on input line 29.
LaTeX Font Info:    Redeclaring symbol font `symbols' on input line 30.
LaTeX Font Info:    Overwriting symbol font `symbols' in version `normal'
(Font)                  OMS/cmsy/m/n --> OMS/ztmcm/m/n on input line 30.
LaTeX Font Info:    Overwriting symbol font `symbols' in version `bold'
(Font)                  OMS/cmsy/b/n --> OMS/ztmcm/m/n on input line 30.
LaTeX Font Info:    Redeclaring symbol font `largesymbols' on input line 31.
LaTeX Font Info:    Overwriting symbol font `largesymbols' in version `normal'
(Font)                  OMX/cmex/m/n --> OMX/ztmcm/m/n on input line 31.
LaTeX Font Info:    Overwriting symbol font `largesymbols' in version `bold'
(Font)                  OMX/cmex/m/n --> OMX/ztmcm/m/n on input line 31.
\symbold=\mathgroup4
\symitalic=\mathgroup5
LaTeX Font Info:    Redeclaring math alphabet \mathbf on input line 34.
LaTeX Font Info:    Overwriting math alphabet `\mathbf' in version `normal'
(Font)                  OT1/cmr/bx/n --> OT1/ptm/bx/n on input line 34.
LaTeX Font Info:    Overwriting math alphabet `\mathbf' in version `bold'
(Font)                  OT1/cmr/bx/n --> OT1/ptm/bx/n on input line 34.
LaTeX Font Info:    Redeclaring math alphabet \mathit on input line 35.
LaTeX Font Info:    Overwriting math alphabet `\mathit' in version `normal'
(Font)                  OT1/cmr/m/it --> OT1/ptm/m/it on input line 35.
LaTeX Font Info:    Overwriting math alphabet `\mathit' in version `bold'
(Font)                  OT1/cmr/bx/it --> OT1/ptm/m/it on input line 35.
LaTeX Info: Redefining \hbar on input line 50.
)
(C:\Users\Iskanda\AppData\Local\Programs\MiKTeX\tex/latex/setspace\setspace.sty
Package: setspace 2022/12/04 v6.7b set line spacing
) (C:\Users\Iskanda\AppData\Local\Programs\MiKTeX\tex/latex/parskip\parskip.sty
Package: parskip 2021-03-14 v2.0h non-zero parskip adjustments

(C:\Users\Iskanda\AppData\Local\Programs\MiKTeX\tex/latex/kvoptions\kvoptions.s
ty
Package: kvoptions 2022-06-15 v3.15 Key value format for package options (HO)

(C:\Users\Iskanda\AppData\Local\Programs\MiKTeX\tex/latex/graphics\keyval.sty
Package: keyval 2026-05-17 v1.15 key=value parser (DPC)
\KV@toks@=\toks17
)
(C:\Users\Iskanda\AppData\Local\Programs\MiKTeX\tex/generic/ltxcmds\ltxcmds.sty
Package: ltxcmds 2023-12-04 v1.26 LaTeX kernel commands for general use (HO)
)
(C:\Users\Iskanda\AppData\Local\Programs\MiKTeX\tex/latex/kvsetkeys\kvsetkeys.s
ty
Package: kvsetkeys 2022-10-05 v1.19 Key value parser (HO)
))
(C:\Users\Iskanda\AppData\Local\Programs\MiKTeX\tex/latex/etoolbox\etoolbox.sty
Package: etoolbox 2025/10/02 v2.5m e-TeX tools for LaTeX (JAW)
\etb@tempcnta=\count285
))
(C:\Users\Iskanda\AppData\Local\Programs\MiKTeX\tex/latex/biblatex\biblatex.sty
Package: biblatex 2025/07/10 v3.21 programmable bibliographies (PK/MW)

(C:\Users\Iskanda\AppData\Local\Programs\MiKTeX\tex/generic/pdftexcmds\pdftexcm
ds.sty
Package: pdftexcmds 2020-06-27 v0.33 Utility functions of pdfTeX for LuaTeX (HO
)

(C:\Users\Iskanda\AppData\Local\Programs\MiKTeX\tex/generic/infwarerr\infwarerr
.sty
Package: infwarerr 2019/12/03 v1.5 Providing info/warning/error messages (HO)
)
(C:\Users\Iskanda\AppData\Local\Programs\MiKTeX\tex/generic/iftex\iftex.sty
Package: iftex 2024/12/12 v1.0g TeX engine tests
)
Package pdftexcmds Info: \pdf@primitive is available.
Package pdftexcmds Info: \pdf@ifprimitive is available.
Package pdftexcmds Info: \pdfdraftmode found.
)
(C:\Users\Iskanda\AppData\Local\Programs\MiKTeX\tex/latex/logreq\logreq.sty
Package: logreq 2010/08/04 v1.0 xml request logger
\lrq@indent=\count286

(C:\Users\Iskanda\AppData\Local\Programs\MiKTeX\tex/latex/logreq\logreq.def
File: logreq.def 2010/08/04 v1.0 logreq spec v1.0
))
(C:\Users\Iskanda\AppData\Local\Programs\MiKTeX\tex/latex/base\ifthen.sty
Package: ifthen 2024/03/16 v1.1e Standard LaTeX ifthen package (DPC)
)
(C:\Users\Iskanda\AppData\Local\Programs\MiKTeX\tex/latex/url\url.sty
\Urlmuskip=\muskip17
Package: url 2013/09/16  ver 3.4  Verb mode for urls, etc.
)
\c@tabx@nest=\count287
\c@listtotal=\count288
\c@listcount=\count289
\c@liststart=\count290
\c@liststop=\count291
\c@citecount=\count292
\c@citetotal=\count293
\c@multicitecount=\count294
\c@multicitetotal=\count295
\c@instcount=\count296
\c@maxnames=\count297
\c@minnames=\count298
\c@maxitems=\count299
\c@minitems=\count300
\c@citecounter=\count301
\c@maxcitecounter=\count302
\c@savedcitecounter=\count303
\c@uniquelist=\count304
\c@uniquename=\count305
\c@refsection=\count306
\c@refsegment=\count307
\c@maxextratitle=\count308
\c@maxextratitleyear=\count309
\c@maxextraname=\count310
\c@maxextradate=\count311
\c@maxextraalpha=\count312
\c@abbrvpenalty=\count313
\c@highnamepenalty=\count314
\c@lownamepenalty=\count315
\c@maxparens=\count316
\c@parenlevel=\count317
\blx@tempcnta=\count318
\blx@tempcntb=\count319
\blx@tempcntc=\count320
\c@blx@maxsection=\count321
\blx@maxsegment@0=\count322
\blx@notetype=\count323
\blx@parenlevel@text=\count324
\blx@parenlevel@foot=\count325
\blx@sectionciteorder@0=\count326
\blx@sectionciteorderinternal@0=\count327
\blx@entrysetcounter=\count328
\blx@biblioinstance=\count329
\labelnumberwidth=\skip51
\labelalphawidth=\skip52
\biblabelsep=\skip53
\bibitemsep=\skip54
\bibnamesep=\skip55
\bibinitsep=\skip56
\bibparsep=\skip57
\bibhang=\skip58
\blx@bcfin=\read2
\blx@bcfout=\write3
\blx@langwohyphens=\language79
\c@mincomprange=\count330
\c@maxcomprange=\count331
\c@mincompwidth=\count332
Package biblatex Info: Trying to load biblatex default data model...
Package biblatex Info: ... file 'blx-dm.def' found.

(C:\Users\Iskanda\AppData\Local\Programs\MiKTeX\tex/latex/biblatex\blx-dm.def
File: blx-dm.def 2025/07/10 v3.21 biblatex datamodel (PK/MW)
)
Package biblatex Info: Trying to load biblatex style data model...
Package biblatex Info: ... file 'apa.dbx' found.

(C:\Users\Iskanda\AppData\Local\Programs\MiKTeX\tex/latex/biblatex-apa\apa.dbx
File: apa.dbx 2025/08/27 v9.20 APA biblatex style data model
)
Package biblatex Info: Trying to load biblatex custom data model...
Package biblatex Info: ... file 'biblatex-dm.cfg' not found.
\c@afterword=\count333
\c@savedafterword=\count334
\c@annotator=\count335
\c@savedannotator=\count336
\c@author=\count337
\c@savedauthor=\count338
\c@bookauthor=\count339
\c@savedbookauthor=\count340
\c@commentator=\count341
\c@savedcommentator=\count342
\c@editor=\count343
\c@savededitor=\count344
\c@editora=\count345
\c@savededitora=\count346
\c@editorb=\count347
\c@savededitorb=\count348
\c@editorc=\count349
\c@savededitorc=\count350
\c@foreword=\count351
\c@savedforeword=\count352
\c@holder=\count353
\c@savedholder=\count354
\c@introduction=\count355
\c@savedintroduction=\count356
\c@namea=\count357
\c@savednamea=\count358
\c@nameb=\count359
\c@savednameb=\count360
\c@namec=\count361
\c@savednamec=\count362
\c@translator=\count363
\c@savedtranslator=\count364
\c@shortauthor=\count365
\c@savedshortauthor=\count366
\c@shorteditor=\count367
\c@savedshorteditor=\count368
\c@narrator=\count369
\c@savednarrator=\count370
\c@execproducer=\count371
\c@savedexecproducer=\count372
\c@execdirector=\count373
\c@savedexecdirector=\count374
\c@with=\count375
\c@savedwith=\count376
\c@labelname=\count377
\c@savedlabelname=\count378
\c@institution=\count379
\c@savedinstitution=\count380
\c@lista=\count381
\c@savedlista=\count382
\c@listb=\count383
\c@savedlistb=\count384
\c@listc=\count385
\c@savedlistc=\count386
\c@listd=\count387
\c@savedlistd=\count388
\c@liste=\count389
\c@savedliste=\count390
\c@listf=\count391
\c@savedlistf=\count392
\c@location=\count393
\c@savedlocation=\count394
\c@organization=\count395
\c@savedorganization=\count396
\c@origlocation=\count397
\c@savedoriglocation=\count398
\c@origpublisher=\count399
\c@savedorigpublisher=\count400
\c@publisher=\count401
\c@savedpublisher=\count402
\c@language=\count403
\c@savedlanguage=\count404
\c@origlanguage=\count405
\c@savedoriglanguage=\count406
\c@citation=\count407
\c@savedcitation=\count408
\c@pageref=\count409
\c@savedpageref=\count410
\shorthandwidth=\skip59
\shortjournalwidth=\skip60
\shortserieswidth=\skip61
\shorttitlewidth=\skip62
\shortauthorwidth=\skip63
\shorteditorwidth=\skip64
\locallabelnumberwidth=\skip65
\locallabelalphawidth=\skip66
\localshorthandwidth=\skip67
\localshortjournalwidth=\skip68
\localshortserieswidth=\skip69
\localshorttitlewidth=\skip70
\localshortauthorwidth=\skip71
\localshorteditorwidth=\skip72
Package biblatex Info: Trying to load compatibility code...
Package biblatex Info: ... file 'blx-compat.def' found.

(C:\Users\Iskanda\AppData\Local\Programs\MiKTeX\tex/latex/biblatex\blx-compat.d
ef
File: blx-compat.def 2025/07/10 v3.21 biblatex compatibility (PK/MW)
)
Package biblatex Info: Trying to load generic definitions...
Package biblatex Info: ... file 'biblatex.def' found.

(C:\Users\Iskanda\AppData\Local\Programs\MiKTeX\tex/latex/biblatex\biblatex.def
File: biblatex.def 2025/07/10 v3.21 biblatex compatibility (PK/MW)
\c@textcitecount=\count411
\c@textcitetotal=\count412
\c@textcitemaxnames=\count413
\c@biburlbigbreakpenalty=\count414
\c@biburlbreakpenalty=\count415
\c@biburlnumpenalty=\count416
\c@biburlucpenalty=\count417
\c@biburllcpenalty=\count418
\biburlbigskip=\muskip18
\biburlnumskip=\muskip19
\biburlucskip=\muskip20
\biburllcskip=\muskip21
\c@smartand=\count419
)
Package biblatex Info: Trying to load bibliography style 'apa'...
Package biblatex Info: ... file 'apa.bbx' found.

(C:\Users\Iskanda\AppData\Local\Programs\MiKTeX\tex/latex/biblatex-apa\apa.bbx
File: apa.bbx 2025/08/27 v9.20 APA biblatex references style
Package biblatex Info: Trying to load bibliography style 'standard'...
Package biblatex Info: ... file 'standard.bbx' found.

(C:\Users\Iskanda\AppData\Local\Programs\MiKTeX\tex/latex/biblatex/bbx\standard
.bbx
File: standard.bbx 2025/07/10 v3.21 biblatex bibliography style (PK/MW)
\c@bbx:relatedcount=\count420
\c@bbx:relatedtotal=\count421
)
Package biblatex Info: Delimiter 'nameyeardelim' in context 'bib' already defin
ed, overwriting.
Package biblatex Info: Delimiter 'nameyeardelim' in context 'biblist' already d
efined, overwriting.
Package biblatex Info: Delimiter 'nonameyeardelim' in context 'bib' already def
ined, overwriting.
Package biblatex Info: Delimiter 'nonameyeardelim' in context 'biblist' already
 defined, overwriting.
)
Package biblatex Info: Trying to load citation style 'apa'...
Package biblatex Info: ... file 'apa.cbx' found.

(C:\Users\Iskanda\AppData\Local\Programs\MiKTeX\tex/latex/biblatex-apa\apa.cbx
File: apa.cbx 2025/08/27 v9.20 APA biblatex citation style
Package biblatex Info: Delimiter 'nameyeardelim' in context '' already defined,
 overwriting.
Package biblatex Info: Delimiter 'andothersdelim' in context '' already defined
, overwriting.
Package biblatex Info: Redefining '\fullcite'.
Package biblatex Info: Redefining '\citeauthor'.
Package biblatex Info: Redefining '\citeyear'.
Package biblatex Info: Redefining '\cite'.
Package biblatex Info: Redefining '\cites'.
Package biblatex Info: Redefining '\parencite'.
Package biblatex Info: Redefining '\parencites'.
Package biblatex Info: Redefining '\footcite'.
Package biblatex Info: Redefining '\footcites'.
Package biblatex Info: Redefining '\footcitetext'.
Package biblatex Info: Redefining '\footcitetexts'.
Package biblatex Info: Redefining '\smartcite'.
Package biblatex Info: Redefining '\smartcites'.
Package biblatex Info: Redefining '\textcite'.
Package biblatex Info: Redefining '\textcites'.
)
Package biblatex Info: Trying to load configuration file...
Package biblatex Info: ... file 'biblatex.cfg' found.

(C:\Users\Iskanda\AppData\Local\Programs\MiKTeX\tex/latex/biblatex\biblatex.cfg
File: biblatex.cfg 
)
Package biblatex Info: Input encoding 'utf8' detected.
Package biblatex Info: Document encoding is UTF8 ....
 (C:\Users\Iskanda\AppData\Local\Programs\MiKTeX\tex/latex/l3kernel\expl3.sty
Package: expl3 2026-07-20 L3 programming layer (loader) 

(C:\Users\Iskanda\AppData\Local\Programs\MiKTeX\tex/latex/l3backend\l3backend-p
dftex.def
File: l3backend-pdftex.def 2026-07-20 L3 backend support: PDF output (pdfTeX)
\l__color_backend_stack_int=\count422
))
Package biblatex Info: ... and expl3
(biblatex)             2026-07-20 L3 programming layer (loader) 
(biblatex)             is new enough (at least 2020/04/06),
(biblatex)             setting 'casechanger=expl3'.

(C:\Users\Iskanda\AppData\Local\Programs\MiKTeX\tex/latex/biblatex\blx-case-exp
l3.sty
(C:\Users\Iskanda\AppData\Local\Programs\MiKTeX\tex/latex/l3packages/xparse\xpa
rse.sty
Package: xparse 2025-10-09 L3 Experimental document command parser
)
Package: blx-case-expl3 2025/07/10 v3.21 expl3 case changing code for biblatex
))
(C:\Users\Iskanda\AppData\Local\Programs\MiKTeX\tex/latex/graphics\graphicx.sty
Package: graphicx 2026-05-17 v1.2e Enhanced LaTeX Graphics (DPC,SPQR)

(C:\Users\Iskanda\AppData\Local\Programs\MiKTeX\tex/latex/graphics\graphics.sty
Package: graphics 2026-05-17 v1.4h Standard LaTeX Graphics (DPC,SPQR)
(C:\Users\Iskanda\AppData\Local\Programs\MiKTeX\tex/latex/graphics\trig.sty
Package: trig 2023/12/02 v1.11 sin cos tan (DPC)
)
(C:\Users\Iskanda\AppData\Local\Programs\MiKTeX\tex/latex/graphics-cfg\graphics
.cfg
File: graphics.cfg 2016/06/04 v1.11 sample graphics configuration
)
Package graphics Info: Driver file: pdftex.def on input line 106.

(C:\Users\Iskanda\AppData\Local\Programs\MiKTeX\tex/latex/graphics-def\pdftex.d
ef
File: pdftex.def 2025/09/29 v1.2d Graphics/color driver for pdftex
))
\Gin@req@height=\dimen151
\Gin@req@width=\dimen152
)
(C:\Users\Iskanda\AppData\Local\Programs\MiKTeX\tex/latex/caption\caption.sty
Package: caption 2023/08/05 v3.6o Customizing captions (AR)

(C:\Users\Iskanda\AppData\Local\Programs\MiKTeX\tex/latex/caption\caption3.sty
Package: caption3 2023/07/31 v2.4d caption3 kernel (AR)
\caption@tempdima=\dimen153
\captionmargin=\dimen154
\caption@leftmargin=\dimen155
\caption@rightmargin=\dimen156
\caption@width=\dimen157
\caption@indent=\dimen158
\caption@parindent=\dimen159
\caption@hangindent=\dimen160
Package caption Info: Standard document class detected.
)
\c@caption@flags=\count423
\c@continuedfloat=\count424
)
(C:\Users\Iskanda\AppData\Local\Programs\MiKTeX\tex/latex/titlesec\titlesec.sty
Package: titlesec 2025/01/04 v2.17 Sectioning titles
\ttl@box=\box53
\beforetitleunit=\skip73
\aftertitleunit=\skip74
\ttl@plus=\dimen161
\ttl@minus=\dimen162
\ttl@toksa=\toks18
\titlewidth=\dimen163
\titlewidthlast=\dimen164
\titlewidthfirst=\dimen165
)
(C:\Users\Iskanda\AppData\Local\Programs\MiKTeX\tex/latex/geometry\geometry.sty
Package: geometry 2026/03/07 v6.0 Page Geometry
(C:\Users\Iskanda\AppData\Local\Programs\MiKTeX\tex/generic/iftex\ifvtex.sty
Package: ifvtex 2019/10/25 v1.7 ifvtex legacy package. Use iftex instead.
)
\Gm@cnth=\count425
\Gm@cntv=\count426
\c@Gm@tempcnt=\count427
\Gm@bindingoffset=\dimen166
\Gm@wd@mp=\dimen167
\Gm@odd@mp=\dimen168
\Gm@even@mp=\dimen169
\Gm@layoutwidth=\dimen170
\Gm@layoutheight=\dimen171
\Gm@layouthoffset=\dimen172
\Gm@layoutvoffset=\dimen173
\Gm@dimlist=\toks19

(C:\Users\Iskanda\AppData\Local\Programs\MiKTeX\tex/latex/geometry\geometry.cfg
))
(C:\Users\Iskanda\AppData\Local\Programs\MiKTeX\tex/latex/pdfpages\pdfpages.sty
Package: pdfpages 2026/03/30 v0.6h Insert pages of external PDF documents (AM)
(C:\Users\Iskanda\AppData\Local\Programs\MiKTeX\tex/latex/tools\calc.sty
Package: calc 2025/03/01 v4.3b Infix arithmetic (KKT,FJ)
\calc@Acount=\count428
\calc@Bcount=\count429
\calc@Adimen=\dimen174
\calc@Bdimen=\dimen175
\calc@Askip=\skip75
\calc@Bskip=\skip76
LaTeX Info: Redefining \setlength on input line 86.
LaTeX Info: Redefining \addtolength on input line 87.
\calc@Ccount=\count430
\calc@Cskip=\skip77
)
(C:\Users\Iskanda\AppData\Local\Programs\MiKTeX\tex/latex/eso-pic\eso-pic.sty
Package: eso-pic 2026/05/31 v3.0e eso-pic (RN)
\ESO@tempdima=\dimen176
\ESO@tempdimb=\dimen177

(C:\Users\Iskanda\AppData\Local\Programs\MiKTeX\tex/latex/xcolor\xcolor.sty
Package: xcolor 2024/09/29 v3.02 LaTeX color extensions (UK)

(C:\Users\Iskanda\AppData\Local\Programs\MiKTeX\tex/latex/graphics-cfg\color.cf
g
File: color.cfg 2016/01/02 v1.6 sample color configuration
)
Package xcolor Info: Driver file: pdftex.def on input line 274.

(C:\Users\Iskanda\AppData\Local\Programs\MiKTeX\tex/latex/graphics\mathcolor.lt
x)
Package xcolor Info: Model `cmy' substituted by `cmy0' on input line 1349.
Package xcolor Info: Model `hsb' substituted by `rgb' on input line 1353.
Package xcolor Info: Model `RGB' extended on input line 1365.
Package xcolor Info: Model `HTML' substituted by `rgb' on input line 1367.
Package xcolor Info: Model `Hsb' substituted by `hsb' on input line 1368.
Package xcolor Info: Model `tHsb' substituted by `hsb' on input line 1369.
Package xcolor Info: Model `HSB' substituted by `hsb' on input line 1370.
Package xcolor Info: Model `Gray' substituted by `gray' on input line 1371.
Package xcolor Info: Model `wave' substituted by `hsb' on input line 1372.
))
\AM@pagewidth=\dimen178
\AM@pageheight=\dimen179
\AM@fboxrule=\dimen180

(C:\Users\Iskanda\AppData\Local\Programs\MiKTeX\tex/latex/pdfpages\pppdftex.def
File: pppdftex.def 2026/03/30 v0.6h Pdfpages driver for pdfTeX (AM)
)
\pdfpages@includegraphics@status=\count431
\AM@pagebox=\box54
\AM@global@opts=\toks20
\AM@pagecnt=\count432
\AM@toc@title=\toks21
\AM@lof@heading=\toks22
\c@AM@survey=\count433
\AM@templatesizebox=\box55
)
(C:\Users\Iskanda\AppData\Local\Programs\MiKTeX\tex/latex/booktabs\booktabs.sty
Package: booktabs 2020/01/12 v1.61803398 Publication quality tables
\heavyrulewidth=\dimen181
\lightrulewidth=\dimen182
\cmidrulewidth=\dimen183
\belowrulesep=\dimen184
\belowbottomsep=\dimen185
\aboverulesep=\dimen186
\abovetopsep=\dimen187
\cmidrulesep=\dimen188
\cmidrulekern=\dimen189
\defaultaddspace=\dimen190
\@cmidla=\count434
\@cmidlb=\count435
\@aboverulesep=\dimen191
\@belowrulesep=\dimen192
\@thisruleclass=\count436
\@lastruleclass=\count437
\@thisrulewidth=\dimen193
) (C:\Users\Iskanda\AppData\Local\Programs\MiKTeX\tex/latex/tools\longtable.sty
Package: longtable 2026-01-28 v4.27 Multi-page Table package (DPC)
\LTleft=\skip78
\LTright=\skip79
\LTpre=\skip80
\LTpost=\skip81
\LTchunksize=\count438
\LTcapwidth=\dimen194
\LT@head=\box56
\LT@firsthead=\box57
\LT@foot=\box58
\LT@lastfoot=\box59
\LT@gbox=\box60
\LT@cols=\count439
\LT@rows=\count440
\c@LT@tables=\count441
\c@LT@chunks=\count442
\LT@p@ftn=\toks23
) (C:\Users\Iskanda\AppData\Local\Programs\MiKTeX\tex/latex/float\float.sty
Package: float 2001/11/08 v1.3d Float enhancements (AL)
\c@float@type=\count443
\float@exts=\toks24
\float@box=\box61
\@float@everytoks=\toks25
\@floatcapt=\box62
)
(C:\Users\Iskanda\AppData\Local\Programs\MiKTeX\tex/latex/listings\listings.sty
\lst@mode=\count444
\lst@gtempboxa=\box63
\lst@token=\toks26
\lst@length=\count445
\lst@currlwidth=\dimen195
\lst@column=\count446
\lst@pos=\count447
\lst@lostspace=\dimen196
\lst@width=\dimen197
\lst@newlines=\count448
\lst@lineno=\count449
\lst@maxwidth=\dimen198

(C:\Users\Iskanda\AppData\Local\Programs\MiKTeX\tex/latex/listings\lstpatch.sty
File: lstpatch.sty 2025/11/14 1.11b (Carsten Heinz)
)
(C:\Users\Iskanda\AppData\Local\Programs\MiKTeX\tex/latex/listings\lstmisc.sty
File: lstmisc.sty 2025/11/14 1.11b (Carsten Heinz)
\c@lstnumber=\count450
\lst@skipnumbers=\count451
\lst@framebox=\box64
)
(C:\Users\Iskanda\AppData\Local\Programs\MiKTeX\tex/latex/listings\listings.cfg
File: listings.cfg 2025/11/14 1.11b listings configuration
))
Package: listings 2025/11/14 1.11b (Carsten Heinz)

(C:\Users\Iskanda\AppData\Local\Programs\MiKTeX\tex/latex/algorithm2e\algorithm
2e.sty
Package: algorithm2e 2017/07/18 v5.2 algorithms environments
\c@AlgoLine=\count452
\algocf@hangindent=\skip82

(C:\Users\Iskanda\AppData\Local\Programs\MiKTeX\tex/latex/ifoddpage\ifoddpage.s
ty
Package: ifoddpage 2022/10/18 v1.2 Conditionals for odd/even page detection
\c@checkoddpage=\count453
) (C:\Users\Iskanda\AppData\Local\Programs\MiKTeX\tex/latex/tools\xspace.sty
Package: xspace 2014/10/28 v1.13 Space after command names (DPC,MH)
) (C:\Users\Iskanda\AppData\Local\Programs\MiKTeX\tex/latex/relsize\relsize.sty
Package: relsize 2013/03/29 ver 4.1
)
\skiptotal=\skip83
\skiplinenumber=\skip84
\skiprule=\skip85
\skiphlne=\skip86
\skiptext=\skip87
\skiplength=\skip88
\algomargin=\skip89
\skipalgocfslide=\skip90
\algowidth=\dimen199
\inoutsize=\dimen256
\inoutindent=\dimen257
\interspacetitleruled=\dimen258
\interspacealgoruled=\dimen259
\interspacetitleboxruled=\dimen260
\algocf@ruledwidth=\skip91
\algocf@inoutbox=\box65
\algocf@inputbox=\box66
\AlCapSkip=\skip92
\AlCapHSkip=\skip93
\algoskipindent=\skip94
\algocf@nlbox=\box67
\algocf@hangingbox=\box68
\algocf@untilbox=\box69
\algocf@skipuntil=\skip95
\algocf@capbox=\box70
\algocf@lcaptionbox=\skip96
\algoheightruledefault=\skip97
\algoheightrule=\skip98
\algotitleheightruledefault=\skip99
\algotitleheightrule=\skip100
\c@algocfline=\count454
\c@algocfproc=\count455
\c@algocf=\count456
\algocf@algoframe=\box71
\algocf@algobox=\box72
)
(C:\Users\Iskanda\AppData\Local\Programs\MiKTeX\tex/latex/hyperref\hyperref.sty
Package: hyperref 2026-06-17 v7.01r Hypertext links for LaTeX

(C:\Users\Iskanda\AppData\Local\Programs\MiKTeX\tex/generic/kvdefinekeys\kvdefi
nekeys.sty
Package: kvdefinekeys 2019-12-19 v1.6 Define keys (HO)
)
(C:\Users\Iskanda\AppData\Local\Programs\MiKTeX\tex/generic/pdfescape\pdfescape
.sty
Package: pdfescape 2019/12/09 v1.15 Implements pdfTeX's escape features (HO)
)
(C:\Users\Iskanda\AppData\Local\Programs\MiKTeX\tex/latex/hycolor\hycolor.sty
Package: hycolor 2020-01-27 v1.10 Color options for hyperref/bookmark (HO)
)
(C:\Users\Iskanda\AppData\Local\Programs\MiKTeX\tex/latex/hyperref\nameref.sty
Package: nameref 2026-01-29 v2.58 Cross-referencing by name of section

(C:\Users\Iskanda\AppData\Local\Programs\MiKTeX\tex/latex/refcount\refcount.sty
Package: refcount 2019/12/15 v3.6 Data extraction from label references (HO)
)
(C:\Users\Iskanda\AppData\Local\Programs\MiKTeX\tex/generic/gettitlestring\gett
itlestring.sty
Package: gettitlestring 2019/12/15 v1.6 Cleanup title references (HO)
)
\c@section@level=\count457
)
(C:\Users\Iskanda\AppData\Local\Programs\MiKTeX\tex/generic/stringenc\stringenc
.sty
Package: stringenc 2019/11/29 v1.12 Convert strings between diff. encodings (HO
)
)
\@linkdim=\dimen261
\Hy@linkcounter=\count458
\Hy@pagecounter=\count459

(C:\Users\Iskanda\AppData\Local\Programs\MiKTeX\tex/latex/hyperref\pd1enc.def
File: pd1enc.def 2026-06-17 v7.01r Hyperref: PDFDocEncoding definition (HO)
Now handling font encoding PD1 ...
... no UTF-8 mapping file for font encoding PD1
)
(C:\Users\Iskanda\AppData\Local\Programs\MiKTeX\tex/generic/intcalc\intcalc.sty
Package: intcalc 2019/12/15 v1.3 Expandable calculations with integers (HO)
)
\Hy@SavedSpaceFactor=\count460
 (C:\Users\Iskanda\AppData\Local\Programs\MiKTeX\tex/latex/hyperref\puenc.def
File: puenc.def 2026-06-17 v7.01r Hyperref: PDF Unicode definition (HO)
Now handling font encoding PU ...
... no UTF-8 mapping file for font encoding PU
)
Package hyperref Info: Hyper figures OFF on input line 4199.
Package hyperref Info: Link nesting OFF on input line 4204.
Package hyperref Info: Hyper index ON on input line 4207.
Package hyperref Info: Plain pages OFF on input line 4214.
Package hyperref Info: Backreferencing OFF on input line 4219.
Package hyperref Info: Implicit mode ON; LaTeX internals redefined.
Package hyperref Info: Bookmarks ON on input line 4466.
\c@Hy@tempcnt=\count461
LaTeX Info: Redefining \url on input line 4805.
\XeTeXLinkMargin=\dimen262
(C:\Users\Iskanda\AppData\Local\Programs\MiKTeX\tex/generic/bitset\bitset.sty
Package: bitset 2019/12/09 v1.3 Handle bit-vector datatype (HO)

(C:\Users\Iskanda\AppData\Local\Programs\MiKTeX\tex/generic/bigintcalc\bigintca
lc.sty
Package: bigintcalc 2019/12/15 v1.5 Expandable calculations on big integers (HO
)
))
\Fld@menulength=\count462
\Field@Width=\dimen263
\Fld@charsize=\dimen264
Package hyperref Info: Hyper figures OFF on input line 6091.
Package hyperref Info: Link nesting OFF on input line 6096.
Package hyperref Info: Hyper index ON on input line 6099.
Package hyperref Info: backreferencing OFF on input line 6106.
Package hyperref Info: Link coloring OFF on input line 6111.
Package hyperref Info: Link coloring with OCG OFF on input line 6116.
Package hyperref Info: PDF/A mode OFF on input line 6121.
\Hy@abspage=\count463
\c@Item=\count464
\c@Hfootnote=\count465
)
Package hyperref Info: Driver (autodetected): hpdftex.

(C:\Users\Iskanda\AppData\Local\Programs\MiKTeX\tex/latex/hyperref\hpdftex.def
File: hpdftex.def 2026-06-17 v7.01r Hyperref driver for pdfTeX
\Fld@listcount=\count466
\c@bookmark@seq@number=\count467

(C:\Users\Iskanda\AppData\Local\Programs\MiKTeX\tex/latex/rerunfilecheck\rerunf
ilecheck.sty
Package: rerunfilecheck 2025-06-21 v1.11 Rerun checks for auxiliary files (HO)

(C:\Users\Iskanda\AppData\Local\Programs\MiKTeX\tex/generic/uniquecounter\uniqu
ecounter.sty
Package: uniquecounter 2019/12/15 v1.4 Provide unlimited unique counter (HO)
)
Package uniquecounter Info: New unique counter `rerunfilecheck' on input line 2
84.
)
\Hy@SectionHShift=\skip101
)
(C:\Users\Iskanda\AppData\Local\Programs\MiKTeX\tex/latex/amsmath\amsmath.sty
Package: amsmath 2026/05/19 v2.18d AMS math features
\@mathmargin=\skip102

For additional information on amsmath, use the `?' option.
(C:\Users\Iskanda\AppData\Local\Programs\MiKTeX\tex/latex/amsmath\amstext.sty
Package: amstext 2024/11/17 v2.01 AMS text

(C:\Users\Iskanda\AppData\Local\Programs\MiKTeX\tex/latex/amsmath\amsgen.sty
File: amsgen.sty 1999/11/30 v2.0 generic functions
\@emptytoks=\toks27
\ex@=\dimen265
))
(C:\Users\Iskanda\AppData\Local\Programs\MiKTeX\tex/latex/amsmath\amsbsy.sty
Package: amsbsy 1999/11/29 v1.2d Bold Symbols
\pmbraise@=\dimen266
)
(C:\Users\Iskanda\AppData\Local\Programs\MiKTeX\tex/latex/amsmath\amsopn.sty
Package: amsopn 2022/04/08 v2.04 operator names
)
\inf@bad=\count468
LaTeX Info: Redefining \frac on input line 233.
\uproot@=\count469
\leftroot@=\count470
LaTeX Info: Redefining \overline on input line 398.
LaTeX Info: Redefining \colon on input line 409.
\classnum@=\count471
\DOTSCASE@=\count472
LaTeX Info: Redefining \ldots on input line 495.
LaTeX Info: Redefining \dots on input line 498.
LaTeX Info: Redefining \cdots on input line 619.
\Mathstrutbox@=\box73
\strutbox@=\box74
LaTeX Info: Redefining \big on input line 721.
LaTeX Info: Redefining \Big on input line 722.
LaTeX Info: Redefining \bigg on input line 723.
LaTeX Info: Redefining \Bigg on input line 724.
\big@size=\dimen267
LaTeX Font Info:    Redeclaring font encoding OML on input line 742.
LaTeX Font Info:    Redeclaring font encoding OMS on input line 743.
\macc@depth=\count473
LaTeX Info: Redefining \bmod on input line 904.
LaTeX Info: Redefining \pmod on input line 909.
LaTeX Info: Redefining \smash on input line 939.
LaTeX Info: Redefining \relbar on input line 969.
LaTeX Info: Redefining \Relbar on input line 970.
\c@MaxMatrixCols=\count474
\dotsspace@=\muskip22
\c@parentequation=\count475
\dspbrk@lvl=\count476
\tag@help=\toks28
\row@=\count477
\column@=\count478
\maxfields@=\count479
\andhelp@=\toks29
\eqnshift@=\dimen268
\alignsep@=\dimen269
\tagshift@=\dimen270
\tagwidth@=\dimen271
\totwidth@=\dimen272
\lineht@=\dimen273
\@envbody=\toks30
\multlinegap=\skip103
\multlinetaggap=\skip104
\mathdisplay@stack=\toks31
LaTeX Info: Redefining \[ on input line 2965.
LaTeX Info: Redefining \] on input line 2966.
)
(C:\Users\Iskanda\AppData\Local\Programs\MiKTeX\tex/latex/enumitem\enumitem.sty
Package: enumitem 2025/02/06 v3.11 Customized lists
\labelindent=\skip105
\enit@outerparindent=\dimen274
\enit@toks=\toks32
\enit@inbox=\box75
\enit@count@id=\count480
\enitdp@description=\count481
) (C:\Users\Iskanda\AppData\Local\Programs\MiKTeX\tex/latex/tools\tabularx.sty
Package: tabularx 2023/12/11 v2.12a `tabularx' package (DPC)

(C:\Users\Iskanda\AppData\Local\Programs\MiKTeX\tex/latex/tools\array.sty
Package: array 2026/02/24 v2.7b Tabular extension package (FMi)
\col@sep=\dimen275
\ar@mcellbox=\box76
\extrarowheight=\dimen276
\NC@list=\toks33
\extratabsurround=\skip106
\backup@length=\skip107
\ar@cellbox=\box77
)
\TX@col@width=\dimen277
\TX@old@table=\dimen278
\TX@old@col=\dimen279
\TX@target=\dimen280
\TX@delta=\dimen281
\TX@cols=\count482
\TX@ftn=\toks34
)
(C:\Users\Iskanda\AppData\Local\Programs\MiKTeX\tex/latex/tocloft\tocloft.sty
Package: tocloft 2026-08-21 v3.0b parameterised ToC, etc., typesetting
Package tocloft Info: The document has chapter divisions on input line 64.
\cftparskip=\skip108
\cftbeforetoctitleskip=\skip109
\cftaftertoctitleskip=\skip110
\cftbeforepartskip=\skip111
\cftpartnumwidth=\skip112
\cftpartindent=\skip113
\cftbeforechapskip=\skip114
\cftchapindent=\skip115
\cftchapnumwidth=\skip116
\cftbeforesecskip=\skip117
\cftsecindent=\skip118
\cftsecnumwidth=\skip119
\cftbeforesubsecskip=\skip120
\cftsubsecindent=\skip121
\cftsubsecnumwidth=\skip122
\cftbeforesubsubsecskip=\skip123
\cftsubsubsecindent=\skip124
\cftsubsubsecnumwidth=\skip125
\cftbeforeparaskip=\skip126
\cftparaindent=\skip127
\cftparanumwidth=\skip128
\cftbeforesubparaskip=\skip129
\cftsubparaindent=\skip130
\cftsubparanumwidth=\skip131
\cftbeforeloftitleskip=\skip132
\cftafterloftitleskip=\skip133
\cftbeforefigskip=\skip134
\cftfigindent=\skip135
\cftfignumwidth=\skip136
\c@lofdepth=\count483
\c@lotdepth=\count484
\cftbeforelottitleskip=\skip137
\cftafterlottitleskip=\skip138
\cftbeforetabskip=\skip139
\cfttabindent=\skip140
\cfttabnumwidth=\skip141


Package tocloft Warning: \@starttoc has already been redefined; \cfttocprehook 
et al. not installed. on input line 1374.

)
(C:\Users\Iskanda\AppData\Local\Programs\MiKTeX\tex/latex/microtype\microtype.s
ty
Package: microtype 2026/03/01 v3.2d Micro-typographical refinements (RS)
\MT@toks=\toks35
\MT@tempbox=\box78
\MT@count=\count485
LaTeX Info: Redefining \noprotrusionifhmode on input line 1084.
LaTeX Info: Redefining \leftprotrusion on input line 1085.
\MT@prot@toks=\toks36
LaTeX Info: Redefining \rightprotrusion on input line 1104.
LaTeX Info: Redefining \textls on input line 1449.
\MT@outer@kern=\dimen282
LaTeX Info: Redefining \microtypecontext on input line 2053.
LaTeX Info: Redefining \textmicrotypecontext on input line 2070.
\MT@listname@count=\count486

(C:\Users\Iskanda\AppData\Local\Programs\MiKTeX\tex/latex/microtype\microtype-p
dftex.def
File: microtype-pdftex.def 2026/03/01 v3.2d Definitions specific to pdftex (RS)

LaTeX Info: Redefining \lsstyle on input line 944.
LaTeX Info: Redefining \lslig on input line 944.
\MT@outer@space=\skip142
)
Package microtype Info: Loading configuration file microtype.cfg.

(C:\Users\Iskanda\AppData\Local\Programs\MiKTeX\tex/latex/microtype\microtype.c
fg
File: microtype.cfg 2026/03/01 v3.2d microtype main configuration file (RS)
)
LaTeX Info: Redefining \microtypesetup on input line 3065.
)
\@quotelevel=\count487
\@quotereset=\count488
LaTeX Font Info:    Trying to load font information for OT1+ptm on input line 1
41.
 (C:\Users\Iskanda\AppData\Local\Programs\MiKTeX\tex/latex/psnfss\ot1ptm.fd
File: ot1ptm.fd 2001/06/04 font definitions for OT1/ptm.
) (main_final.aux (chapters/chapter1_rev.aux) (chapters/chapter2_rev.aux)
(chapters/chapter3_rev.aux) (chapters/chapter4_rev.aux)
(chapters/chapter5_rev.aux) (chapters/appendix.aux))
\openout1 = `main_final.aux'.

LaTeX Font Info:    Checking defaults for OML/cmm/m/it on input line 141.
LaTeX Font Info:    ... okay on input line 141.
LaTeX Font Info:    Checking defaults for OMS/cmsy/m/n on input line 141.
LaTeX Font Info:    ... okay on input line 141.
LaTeX Font Info:    Checking defaults for OT1/cmr/m/n on input line 141.
LaTeX Font Info:    ... okay on input line 141.
LaTeX Font Info:    Checking defaults for T1/cmr/m/n on input line 141.
LaTeX Font Info:    ... okay on input line 141.
LaTeX Font Info:    Checking defaults for TS1/cmr/m/n on input line 141.
LaTeX Font Info:    ... okay on input line 141.
LaTeX Font Info:    Checking defaults for OMX/cmex/m/n on input line 141.
LaTeX Font Info:    ... okay on input line 141.
LaTeX Font Info:    Checking defaults for U/cmr/m/n on input line 141.
LaTeX Font Info:    ... okay on input line 141.
LaTeX Font Info:    Checking defaults for PD1/pdf/m/n on input line 141.
LaTeX Font Info:    ... okay on input line 141.
LaTeX Font Info:    Checking defaults for PU/pdf/m/n on input line 141.
LaTeX Font Info:    ... okay on input line 141.
Package biblatex Info: Trying to load language 'english' -> 'english-apa'...
Package biblatex Info: ... file 'english-apa.lbx' found.

(C:\Users\Iskanda\AppData\Local\Programs\MiKTeX\tex/latex/biblatex-apa\english-
apa.lbx
File: english-apa.lbx 2025/08/27 v9.20 APA biblatex localisation
Package biblatex Info: Trying to load language 'english'...
Package biblatex Info: ... file 'english.lbx' found.

(C:\Users\Iskanda\AppData\Local\Programs\MiKTeX\tex/latex/biblatex/lbx\english.
lbx
File: english.lbx 2025/07/10 v3.21 biblatex localization (PK/MW)
)
Package biblatex Info: Trying to load language 'american' -> 'american-apa'...
Package biblatex Info: ... file 'american-apa.lbx' found.

(C:\Users\Iskanda\AppData\Local\Programs\MiKTeX\tex/latex/biblatex-apa\american
-apa.lbx
File: american-apa.lbx 2025/08/27 v9.20 APA biblatex localisation
Package biblatex Info: Trying to load language 'american'...
Package biblatex Info: ... file 'american.lbx' found.

(C:\Users\Iskanda\AppData\Local\Programs\MiKTeX\tex/latex/biblatex/lbx\american
.lbx
File: american.lbx 2025/07/10 v3.21 biblatex localization (PK/MW)
Package biblatex Info: Trying to load language 'english'...
Package biblatex Info: ... file 'english.lbx' found.

(C:\Users\Iskanda\AppData\Local\Programs\MiKTeX\tex/latex/biblatex/lbx\english.
lbx
File: english.lbx 2025/07/10 v3.21 biblatex localization (PK/MW)
))))
Package biblatex Info: Input encoding 'utf8' detected.
Package biblatex Info: Automatic encoding selection.
(biblatex)             Assuming data encoding 'utf8'.
\openout3 = `main_final.bcf'.

Package biblatex Info: Trying to load bibliographic data...
Package biblatex Info: ... file 'main_final.bbl' found.
 (main_final.bbl)
Package biblatex Info: Reference section=0 on input line 141.
Package biblatex Info: Reference segment=0 on input line 141.

(C:\Users\Iskanda\AppData\Local\Programs\MiKTeX\tex/context/base/mkii\supp-pdf.
mkii
[Loading MPS to PDF converter (version 2006.09.02).]
\scratchcounter=\count489
\scratchdimen=\dimen283
\scratchbox=\box79
\nofMPsegments=\count490
\nofMParguments=\count491
\everyMPshowfont=\toks37
\MPscratchCnt=\count492
\MPscratchDim=\dimen284
\MPnumerator=\count493
\makeMPintoPDFobject=\count494
\everyMPtoPDFconversion=\toks38
)
(C:\Users\Iskanda\AppData\Local\Programs\MiKTeX\tex/latex/epstopdf-pkg\epstopdf
-base.sty
Package: epstopdf-base 2020-01-24 v2.11 Base part for package epstopdf
Package epstopdf-base Info: Redefining graphics rule for `.eps' on input line 4
85.

(C:\Users\Iskanda\AppData\Local\Programs\MiKTeX\tex/latex/00miktex\epstopdf-sys
.cfg
File: epstopdf-sys.cfg 2021/03/18 v2.0 Configuration of epstopdf for MiKTeX
))
Package caption Info: Begin \AtBeginDocument code.
Package caption Info: float package is loaded.
Package caption Info: hyperref package is loaded.
Package caption Info: listings package is loaded.
Package caption Info: longtable package is loaded.

(C:\Users\Iskanda\AppData\Local\Programs\MiKTeX\tex/latex/caption\ltcaption.sty
Package: ltcaption 2021/01/08 v1.4c longtable captions (AR)
)
Package caption Info: End \AtBeginDocument code.

*geometry* driver: auto-detecting
*geometry* detected driver: pdftex
*geometry* verbose mode - [ preamble ] result:
* driver: pdftex
* paper: a4paper
* layout: <same size as paper>
* layoutoffset:(h,v)=(0.0pt,0.0pt)
* modes: 
* h-part:(L,W,R)=(108.405pt, 416.83289pt, 72.26999pt)
* v-part:(T,H,B)=(72.26999pt, 700.50687pt, 72.26999pt)
* \paperwidth=597.50787pt
* \paperheight=845.04684pt
* \textwidth=416.83289pt
* \textheight=700.50687pt
* \oddsidemargin=36.13501pt
* \evensidemargin=36.13501pt
* \topmargin=-37.0pt
* \headheight=12.0pt
* \headsep=25.0pt
* \topskip=12.0pt
* \footskip=30.0pt
* \marginparwidth=35.0pt
* \marginparsep=10.0pt
* \columnsep=10.0pt
* \skip\footins=10.8pt plus 4.0pt minus 2.0pt
* \hoffset=0.0pt
* \voffset=0.0pt
* \mag=1000
* \@twocolumnfalse
* \@twosidefalse
* \@mparswitchfalse
* \@reversemarginfalse
* (1in=72.27pt=25.4mm, 1cm=28.453pt)


(C:\Users\Iskanda\AppData\Local\Programs\MiKTeX\tex/latex/pdflscape\pdflscape.s
ty
Package: pdflscape 2022-10-27 v0.13 Display of landscape pages in PDF

(C:\Users\Iskanda\AppData\Local\Programs\MiKTeX\tex/latex/pdflscape\pdflscape-n
ometadata.sty
Package: pdflscape-nometadata 2022-10-28 v0.13 Display of landscape pages in PD
F (HO)

(C:\Users\Iskanda\AppData\Local\Programs\MiKTeX\tex/latex/graphics\lscape.sty
Package: lscape 2020/05/28 v3.02 Landscape Pages (DPC)
)
Package pdflscape Info: Auto-detected driver: pdftex on input line 81.
))
\c@lstlisting=\count495
Package hyperref Info: Link coloring OFF on input line 141.
 (main_final.out) (main_final.out)
\@outlinefile=\write4
\openout4 = `main_final.out'.

LaTeX Info: Redefining \microtypecontext on input line 141.
Package microtype Info: Applying patch `item' on input line 141.
Package microtype Info: Applying patch `toc' on input line 141.
Package microtype Info: Applying patch `eqnum' on input line 141.
Package microtype Info: Applying patch `footnote' on input line 141.
Package microtype Info: Applying patch `verbatim' on input line 141.
LaTeX Info: Redefining \microtypesetup on input line 141.
Package microtype Info: Generating PDF output.
Package microtype Info: Character protrusion enabled (level 2).
Package microtype Info: Using default protrusion set `alltext'.
Package microtype Info: Automatic font expansion enabled (level 2),
(microtype)             stretch: 20, shrink: 20, step: 1, non-selected.
Package microtype Info: Using default expansion set `alltext-nott'.
Package microtype Info: Patching command `\showhyphens'.
Package microtype Info: No adjustment of tracking.
Package microtype Info: No adjustment of interword spacing.
Package microtype Info: No adjustment of character kerning.

(C:\Users\Iskanda\AppData\Local\Programs\MiKTeX\tex/latex/microtype\mt-ptm.cfg
File: mt-ptm.cfg 2006/04/20 v1.7 microtype config. file: Times (RS)
) [1

{C:/Users/Iskanda/AppData/Local/MiKTeX/fonts/map/pdftex/pdftex.map}{C:/Users/Is
kanda/AppData/Local/Programs/MiKTeX/fonts/enc/dvips/base/8r.enc}]
pdfTeX warning (ext4): destination with the same identifier (name{page.1}) has 
been already used, duplicate ignored
<to be read again> 
                   \relax 
l.214 \end{titlepage}
                      [1] [2

] [3

] [4

] [5

] [6

] (main_final.toc
LaTeX Font Info:    Trying to load font information for OT1+ztmcm on input line
 1.

(C:\Users\Iskanda\AppData\Local\Programs\MiKTeX\tex/latex/psnfss\ot1ztmcm.fd
File: ot1ztmcm.fd 2000/01/03 Fontinst v1.801 font definitions for OT1/ztmcm.
)
Package microtype Info: Loading generic protrusion settings for font family
(microtype)             `ztmcm' (encoding: OT1).
(microtype)             For optimal results, create family-specific settings.
(microtype)             See the microtype manual for details.
LaTeX Font Info:    Trying to load font information for OML+ztmcm on input line
 1.

(C:\Users\Iskanda\AppData\Local\Programs\MiKTeX\tex/latex/psnfss\omlztmcm.fd
File: omlztmcm.fd 2000/01/03 Fontinst v1.801 font definitions for OML/ztmcm.
)
LaTeX Font Info:    Trying to load font information for OMS+ztmcm on input line
 1.

(C:\Users\Iskanda\AppData\Local\Programs\MiKTeX\tex/latex/psnfss\omsztmcm.fd
File: omsztmcm.fd 2000/01/03 Fontinst v1.801 font definitions for OMS/ztmcm.
)
LaTeX Font Info:    Trying to load font information for OMX+ztmcm on input line
 1.

(C:\Users\Iskanda\AppData\Local\Programs\MiKTeX\tex/latex/psnfss\omxztmcm.fd
File: omxztmcm.fd 2000/01/03 Fontinst v1.801 font definitions for OMX/ztmcm.
)
LaTeX Font Info:    Font shape `OT1/ptm/bx/n' in size <12> not available
(Font)              Font shape `OT1/ptm/b/n' tried instead on input line 1.
LaTeX Font Info:    Font shape `OT1/ptm/bx/n' in size <9> not available
(Font)              Font shape `OT1/ptm/b/n' tried instead on input line 1.
LaTeX Font Info:    Font shape `OT1/ptm/bx/n' in size <7> not available
(Font)              Font shape `OT1/ptm/b/n' tried instead on input line 1.

[7] [8])
\tf@toc=\write5
\openout5 = `main_final.toc'.

 [9] (main_final.lot)
\tf@lot=\write6
\openout6 = `main_final.lot'.

 [10] (main_final.lof)
\tf@lof=\write7
\openout7 = `main_final.lof'.

 [11]
\openout2 = `chapters/chapter1_rev.aux'.


(chapters/chapter1_rev.tex
CHAPTER 1.

pdfTeX warning (ext4): destination with the same identifier (name{page.1}) has 
been already used, duplicate ignored
<to be read again> 
                   \relax 
l.12 
      [1


] [2] [3] [4]) [5] [6]
\openout2 = `chapters/chapter2_rev.aux'.

 (chapters/chapter2_rev.tex
CHAPTER 2.
[7




] [8] [9] [10] [11] [12]
Underfull \hbox (badness 10000) in paragraph at lines 115--115
[]|\OT1/ptm/m/n/12 (+20) IoT + ML +
 []


Underfull \hbox (badness 10000) in paragraph at lines 115--115
[]|\OT1/ptm/m/n/12 (+20) Embedded
 []

[13] [14]
<figures/fig_conceptual_framework.png, id=760, 2489.3pt x 1345.025pt>
File: figures/fig_conceptual_framework.png Graphic file (type png)
<use figures/fig_conceptual_framework.png>
Package pdftex.def Info: figures/fig_conceptual_framework.png  used on input li
ne 140.
(pdftex.def)             Requested size: 416.83289pt x 225.22382pt.
 [15]) [16 <./figures/fig_conceptual_framework.png (PNG copy)>]
\openout2 = `chapters/chapter3_rev.aux'.


(chapters/chapter3_rev.tex
CHAPTER 3.
[17




] [18]
<figures/fig_system_architecture.png, id=785, 2208.25pt x 1726.45pt>
File: figures/fig_system_architecture.png Graphic file (type png)
<use figures/fig_system_architecture.png>
Package pdftex.def Info: figures/fig_system_architecture.png  used on input lin
e 98.
(pdftex.def)             Requested size: 416.83289pt x 325.86874pt.
 [19]
<figures/fig_dfd_level0.png, id=795, 2208.25pt x 1405.25pt>
File: figures/fig_dfd_level0.png Graphic file (type png)
<use figures/fig_dfd_level0.png>
Package pdftex.def Info: figures/fig_dfd_level0.png  used on input line 111.
(pdftex.def)             Requested size: 416.83289pt x 265.242pt.
 [20 <./figures/fig_system_architecture.png (PNG copy)>]
<figures/fig_dfd_level1.png, id=801, 2208.25pt x 1565.85pt>
File: figures/fig_dfd_level1.png Graphic file (type png)
<use figures/fig_dfd_level1.png>
Package pdftex.def Info: figures/fig_dfd_level1.png  used on input line 129.
(pdftex.def)             Requested size: 416.83289pt x 295.55537pt.
 [21 <./figures/fig_dfd_level0.png (PNG copy)>]
<figures/fig_er_diagram.png, id=811, 2208.25pt x 1485.55pt>
File: figures/fig_er_diagram.png Graphic file (type png)
<use figures/fig_er_diagram.png>
Package pdftex.def Info: figures/fig_er_diagram.png  used on input line 140.
(pdftex.def)             Requested size: 416.83289pt x 280.39868pt.
 [22 <./figures/fig_dfd_level1.png (PNG copy)>]
<figures/fig_use_case.png, id=817, 2208.25pt x 1525.7pt>
File: figures/fig_use_case.png Graphic file (type png)
<use figures/fig_use_case.png>
Package pdftex.def Info: figures/fig_use_case.png  used on input line 157.
(pdftex.def)             Requested size: 416.83289pt x 287.97704pt.
 [23 <./figures/fig_er_diagram.png (PNG copy)>] [24 <./figures/fig_use_case.png
 (PNG copy)>]
<figures/fig_batch_lifecycle.png, id=826, 2208.25pt x 1445.4pt>
File: figures/fig_batch_lifecycle.png Graphic file (type png)
<use figures/fig_batch_lifecycle.png>
Package pdftex.def Info: figures/fig_batch_lifecycle.png  used on input line 20
1.
(pdftex.def)             Requested size: 416.83289pt x 272.82034pt.
 [25] [26 <./figures/fig_batch_lifecycle.png (PNG copy)>]
LaTeX Font Info:    Trying to load font information for OMS+cmtt on input line 
245.
LaTeX Font Info:    No file OMScmtt.fd. on input line 245.


LaTeX Font Warning: Font shape `OMS/cmtt/m/n' undefined
(Font)              using `OMS/cmsy/m/n' instead
(Font)              for symbol `textbraceleft' on input line 245.

[27]
<figures/fig_auth_flow.png, id=858, 2208.25pt x 1485.55pt>
File: figures/fig_auth_flow.png Graphic file (type png)
<use figures/fig_auth_flow.png>
Package pdftex.def Info: figures/fig_auth_flow.png  used on input line 287.
(pdftex.def)             Requested size: 416.83289pt x 280.39868pt.
 [28]
Underfull \hbox (badness 5862) in paragraph at lines 335--335
[]|\OT1/ptm/m/n/12 (+20) Build tool and de-vel-op-ment
 []

[29 <./figures/fig_auth_flow.png (PNG copy)>]) [30] [31]
\openout2 = `chapters/chapter4_rev.aux'.


(chapters/chapter4_rev.tex
CHAPTER 4.
[32




]
Underfull \hbox (badness 10000) in paragraph at lines 44--44
[]|\OT1/cmtt/m/n/12 login/\OT1/ptm/m/n/12 (+20) , \OT1/cmtt/m/n/12 wallet-login
/\OT1/ptm/m/n/12 (+20) , \OT1/cmtt/m/n/12 register/\OT1/ptm/m/n/12 (+20) ,
 []

[33]
<figures/ui-screenshots/fig_farmer_dashboard.png, id=900, 1284.8pt x 803.0pt>
File: figures/ui-screenshots/fig_farmer_dashboard.png Graphic file (type png)
<use figures/ui-screenshots/fig_farmer_dashboard.png>
Package pdftex.def Info: figures/ui-screenshots/fig_farmer_dashboard.png  used 
on input line 57.
(pdftex.def)             Requested size: 366.81497pt x 229.26172pt.

Underfull \hbox (badness 1194) in paragraph at lines 62--63
\OT1/ptm/m/n/12 (+20) to record phys-i-cal pro-duce hand-offs. The in-ter-face 
cap-tures tran-sit meta-data
 []

<figures/ui-screenshots/fig_transfer_page.png, id=902, 1284.8pt x 803.0pt>
File: figures/ui-screenshots/fig_transfer_page.png Graphic file (type png)
<use figures/ui-screenshots/fig_transfer_page.png>
Package pdftex.def Info: figures/ui-screenshots/fig_transfer_page.png  used on 
input line 66.
(pdftex.def)             Requested size: 366.81497pt x 229.26172pt.
[34 <./figures/ui-screenshots/fig_farmer_dashboard.png (PNG copy)>]
<figures/ui-screenshots/fig_audit_logs_page.png, id=908, 1284.8pt x 803.0pt>
File: figures/ui-screenshots/fig_audit_logs_page.png Graphic file (type png)
<use figures/ui-screenshots/fig_audit_logs_page.png>
Package pdftex.def Info: figures/ui-screenshots/fig_audit_logs_page.png  used o
n input line 75.
(pdftex.def)             Requested size: 333.46758pt x 208.41974pt.
 [35 <./figures/ui-screenshots/fig_transfer_page.png (PNG copy)> <./figures/ui-
screenshots/fig_audit_logs_page.png (PNG copy)>]
<figures/fig_prediction_analytics.png, id=917, 2208.25pt x 1365.1pt>
File: figures/fig_prediction_analytics.png Graphic file (type png)
<use figures/fig_prediction_analytics.png>
Package pdftex.def Info: figures/fig_prediction_analytics.png  used on input li
ne 116.
(pdftex.def)             Requested size: 395.98996pt x 244.7909pt.
 [36]
<figures/ui-screenshots/fig_yield_prediction_page.png, id=930, 1284.8pt x 803.0
pt>
File: figures/ui-screenshots/fig_yield_prediction_page.png Graphic file (type p
ng)
<use figures/ui-screenshots/fig_yield_prediction_page.png>
Package pdftex.def Info: figures/ui-screenshots/fig_yield_prediction_page.png  
used on input line 127.
(pdftex.def)             Requested size: 366.81497pt x 229.26172pt.
 [37 <./figures/fig_prediction_analytics.png (PNG copy)> <./figures/ui-screensh
ots/fig_yield_prediction_page.png (PNG copy)>]
<figures/fig_crypto_pipeline.png, id=937, 2208.25pt x 1284.8pt>
File: figures/fig_crypto_pipeline.png Graphic file (type png)
<use figures/fig_crypto_pipeline.png>
Package pdftex.def Info: figures/fig_crypto_pipeline.png  used on input line 15
1.
(pdftex.def)             Requested size: 395.98996pt x 230.39142pt.
 [38] [39 <./figures/fig_crypto_pipeline.png (PNG copy)>]
(C:\Users\Iskanda\AppData\Local\Programs\MiKTeX\tex/latex/psnfss\ts1ptm.fd)
Underfull \hbox (badness 10000) in paragraph at lines 211--211
[]|\OT1/ptm/m/n/12 (+20) AgriBlockIoT ---
 []


Underfull \hbox (badness 10000) in paragraph at lines 211--211
\OT1/ptm/m/n/12 (+20) Ethereum (Caro
 []


Underfull \hbox (badness 10000) in paragraph at lines 211--211
[]|\OT1/ptm/m/n/12 (+20) AgriBlockIoT ---
 []


Underfull \hbox (badness 10000) in paragraph at lines 211--211
\OT1/ptm/m/n/12 (+20) Saw-tooth (Caro
 []


Underfull \hbox (badness 10000) in paragraph at lines 211--211
[]|\OT1/ptm/m/n/12 (+20) Lightweight Agri-
 []


Underfull \hbox (badness 2573) in paragraph at lines 211--211
\OT1/ptm/m/n/12 (+20) DLT (Ktari et al.,
 []


Underfull \hbox (badness 10000) in paragraph at lines 211--211
[]|\OT1/ptm/m/n/12 (+20) IoT Smart
 []


Underfull \hbox (badness 10000) in paragraph at lines 211--211
\OT1/ptm/m/n/12 (+20) Farm (Aliyu &
 []


Underfull \hbox (badness 10000) in paragraph at lines 211--211
[]|\OT1/ptm/m/n/12 (+20) Secured Agri-
 []


Underfull \hbox (badness 10000) in paragraph at lines 211--211
\OT1/ptm/m/n/12 (+20) Triad (Al Layek
 []


Underfull \hbox (badness 10000) in paragraph at lines 211--211
[]|\OT1/ptm/b/n/12 (+20) TerraNode (This
 []


Underfull \hbox (badness 10000) in paragraph at lines 234--234
[]|\OT1/ptm/m/n/12 (+20) AgriBlockIoT
 []


Underfull \hbox (badness 10000) in paragraph at lines 234--234
[]|\OT1/ptm/m/n/12 (+20) ECDSA
 []


Underfull \hbox (badness 10000) in paragraph at lines 234--234
[]|\OT1/ptm/m/n/12 (+20) None (46.8%
 []


Underfull \hbox (badness 10000) in paragraph at lines 234--234
[]|\OT1/ptm/m/n/12 (+20) AgriBlockIoT (Saw-
 []


Underfull \hbox (badness 10000) in paragraph at lines 234--234
[]|\OT1/ptm/m/n/12 (+20) Private Con-sor-
 []


Underfull \hbox (badness 10000) in paragraph at lines 234--234
[]|\OT1/ptm/m/n/12 (+20) Private Sim-u-la-
 []


Underfull \hbox (badness 3713) in paragraph at lines 234--234
[]|\OT1/ptm/m/n/12 (+20) None (290k tx
 []


Underfull \hbox (badness 10000) in paragraph at lines 234--234
[]|\OT1/ptm/m/n/12 (+20) ML In-te-grated
 []


Underfull \hbox (badness 10000) in paragraph at lines 234--234
[]|\OT1/ptm/b/n/12 (+20) TerraNode (This
 []


Underfull \hbox (badness 10000) in paragraph at lines 234--234
[]|\OT1/ptm/b/n/12 (+20) Public Ledger
 []


Underfull \hbox (badness 10000) in paragraph at lines 234--234
[]|\OT1/ptm/b/n/12 (+20) SHA-256, AES,
 []

[40]
<figures/fig_blockchain_comparison.png, id=981, 2208.25pt x 1204.5pt>
File: figures/fig_blockchain_comparison.png Graphic file (type png)
<use figures/fig_blockchain_comparison.png>
Package pdftex.def Info: figures/fig_blockchain_comparison.png  used on input l
ine 241.
(pdftex.def)             Requested size: 395.98996pt x 215.99196pt.
 [41 <./figures/fig_blockchain_comparison.png (PNG copy)>]
Overfull \hbox (0.75697pt too wide) in paragraph at lines 252--253
[]\OT1/ptm/b/n/12 (-20) Object-Centric Move Safety: \OT1/ptm/m/n/12 (-20) The M
ove ob-ject model as-signs each \OT1/cmtt/m/n/12 ProduceBatch
 []


Underfull \hbox (badness 1371) in paragraph at lines 301--301
[]|\OT1/ptm/b/n/12 (+20) Test Case De-scrip-
 []


Underfull \hbox (badness 10000) in paragraph at lines 301--301
\OT1/ptm/m/n/12 (+20) ac-cess-ing farmer
 []


Underfull \hbox (badness 1968) in paragraph at lines 301--301
\OT1/ptm/m/n/12 (+20) ron-men-tal teleme-try
 []


Underfull \hbox (badness 10000) in paragraph at lines 301--301
\OT1/ptm/m/n/12 (+20) with out-of-bounds
 []


Underfull \hbox (badness 10000) in paragraph at lines 301--301
[]|\OT1/ptm/m/n/12 (+20) Produce cus-tody
 []


Underfull \hbox (badness 10000) in paragraph at lines 301--301
\OT1/ptm/m/n/12 (+20) trans-fer be-tween
 []


Underfull \hbox (badness 5431) in paragraph at lines 301--301
\OT1/ptm/m/n/12 (+20) pu-ta-tion with $\OMS/ztmcm/m/n/12 ^^U \OT1/ztmcm/m/n/12 
5$
 []


Underfull \hbox (badness 1852) in paragraph at lines 301--301
[]|\OT1/ptm/m/n/12 (+20) Yield pre-dic-tion in-
 []


Underfull \hbox (badness 10000) in paragraph at lines 301--301
[]|\OT1/ptm/m/n/12 (+20) Farmer dash-board
 []

[42]
Overfull \vbox (212.52136pt too high) has occurred while \output is active []


[43]
Underfull \hbox (badness 10000) in paragraph at lines 334--334
[]|\OT1/ptm/b/n/12 (+20) Blockchain
 []


Underfull \hbox (badness 10000) in paragraph at lines 334--334
[]|\OT1/ptm/m/n/12 (+20) Produce
 []


Underfull \hbox (badness 10000) in paragraph at lines 334--334
\OT1/ptm/m/n/12 (+20) Batch
 []


Underfull \hbox (badness 10000) in paragraph at lines 334--334
\OT1/ptm/m/n/12 (+20) Mint-ing
 []


Overfull \hbox (6.70541pt too wide) in paragraph at lines 334--334
\OT1/ptm/m/n/12 (-20) (\OT1/cmtt/m/n/12 mint[]batch\OT1/ptm/m/n/12 (-20) )| 
 []


Underfull \hbox (badness 10000) in paragraph at lines 334--334
[]|\OT1/ptm/m/n/12 (+20) Custody
 []


Underfull \hbox (badness 10000) in paragraph at lines 334--334
\OT1/ptm/m/n/12 (+20) Trans-fer
 []


Overfull \hbox (43.75543pt too wide) in paragraph at lines 334--334
\OT1/ptm/m/n/12 (-20) (\OT1/cmtt/m/n/12 transfer[]custody\OT1/ptm/m/n/12 (-20) 
)| 
 []


Overfull \hbox (3.26866pt too wide) in paragraph at lines 334--334
[]|\OT1/ptm/m/n/12 (-20) Deterministic
 []


Underfull \hbox (badness 10000) in paragraph at lines 334--334
\OT1/ptm/m/n/12 (+20) Trans-ac-tion
 []

[44]
Underfull \hbox (badness 10000) in paragraph at lines 390--390
[]|\OT1/cmtt/m/n/12 /api/v1/analytics/predict/
 []


Underfull \hbox (badness 10000) in paragraph at lines 390--390
[]|\OT1/cmtt/m/n/12 /api/v1/analytics/predict/
 []

[45]) [46]
\openout2 = `chapters/chapter5_rev.aux'.

 (chapters/chapter5_rev.tex
CHAPTER 5.
[47




] [48]) [49] [50] [51



] [52]
\openout2 = `chapters/appendix.aux'.

 (chapters/appendix.tex

Package hyperref Warning: Token not allowed in a PDF string (Unicode):
(hyperref)                \hskip 12.0pt
(hyperref)                replaced by space on input line 9.


(C:\Users\Iskanda\AppData\Local\Programs\MiKTeX\tex/latex/listings\lstlang1.sty
File: lstlang1.sty 2025/11/14 1.11b listings language file
)
Package hyperref Info: bookmark level for unknown lstlisting defaults to 0 on i
nput line 17.
LaTeX Font Info:    Font shape `OT1/cmtt/bx/n' in size <10> not available
(Font)              Font shape `OT1/cmtt/m/n' tried instead on input line 18.
 [53


]) [54] [55] (main_final.aux (chapters/chapter1_rev.aux)
(chapters/chapter2_rev.aux) (chapters/chapter3_rev.aux)
(chapters/chapter4_rev.aux) (chapters/chapter5_rev.aux) (chapters/appendix.aux)
)
 ***********
LaTeX2e <2026-06-01>
L3 programming layer <2026-07-20>
 ***********


LaTeX Font Warning: Some font shapes were not available, defaults substituted.


LaTeX Warning: Label(s) may have changed. Rerun to get cross-references right.

Package rerunfilecheck Info: File `main_final.out' has not changed.
(rerunfilecheck)             Checksum: F085F9A5EE1D17D3F05BBAB72F1A8466;15172.
Package logreq Info: Writing requests to 'main_final.run.xml'.
\openout1 = `main_final.run.xml'.

 ) 
Here is how much of TeX's memory you used:
 27847 strings out of 467501
 489096 string characters out of 5407578
 1778287 words of memory out of 5000000
 56128 multiletter control sequences out of 15000+600000
 661106 words of font info for 244 fonts, out of 8000000 for 9000
 1141 hyphenation exceptions out of 8191
 67i,12n,90p,1992b,5050s stack positions out of 10000i,1000n,20000p,200000b,200000s

pdfTeX warning (dest): name{appendix*.33} has been referenced but does not exis
t, replaced by a fixed one

<C:/Users/Iskanda/AppData/Local/Programs/MiKTeX/fonts/type1/public/amsfonts/cm/
cmex10.pfb><C:/Users/Iskanda/AppData/Local/Programs/MiKTeX/fonts/type1/public/a
msfonts/cm/cmitt10.pfb><C:/Users/Iskanda/AppData/Local/Programs/MiKTeX/fonts/ty
pe1/public/amsfonts/cm/cmmi10.pfb><C:/Users/Iskanda/AppData/Local/Programs/MiKT
eX/fonts/type1/public/amsfonts/cm/cmr10.pfb><C:/Users/Iskanda/AppData/Local/Pro
grams/MiKTeX/fonts/type1/public/amsfonts/cm/cmsy10.pfb><C:/Users/Iskanda/AppDat
a/Local/Programs/MiKTeX/fonts/type1/public/amsfonts/cm/cmtt10.pfb><C:/Users/Isk
anda/AppData/Local/Programs/MiKTeX/fonts/type1/public/amsfonts/cm/cmtt12.pfb><C
:/Users/Iskanda/AppData/Local/Programs/MiKTeX/fonts/type1/urw/symbol/usyr.pfb><
C:/Users/Iskanda/AppData/Local/Programs/MiKTeX/fonts/type1/urw/symbol/usyr.pfb>
<C:/Users/Iskanda/AppData/Local/Programs/MiKTeX/fonts/type1/urw/times/utmb8a.pf
b><C:/Users/Iskanda/AppData/Local/Programs/MiKTeX/fonts/type1/urw/times/utmr8a.
pfb><C:/Users/Iskanda/AppData/Local/Programs/MiKTeX/fonts/type1/urw/times/utmri
8a.pfb>
Output written on main_final.pdf (67 pages, 4533067 bytes).
PDF statistics:
 1319 PDF objects out of 1440 (max. 8388607)
 353 named destinations out of 1000 (max. 500000)
 38596 words of extra memory for PDF output out of 42996 (max. 10000000)

